<html>
<body>
<pre>
<h1>µVision Build Log</h1>
<h2>Tool Versions:</h2>
IDE-Version: µVision V5.40.0.0
Copyright (C) 2024 ARM Ltd and ARM Germany GmbH. All rights reserved.
License Information: Cédric Morin-Thibault Polytechnique Montréal Flex license: MDK Professional 5.40 (Flex) (mdk_pro) Operation stops: 17 Sep 2025
 
Tool Versions:
Toolchain:       MDK Professional 5.40 (Flex)  Version: 5.40.0.3
Toolchain Path:  D:\Users\cedrm\AppData\Local\Keil_v5\ARM\ARMCLANG\Bin
C Compiler:      ArmClang.exe V6.22
Assembler:       Armasm.exe V6.22
Linker/Locator:  ArmLink.exe V6.22
Library Manager: ArmAr.exe V6.22
Hex Converter:   FromElf.exe V6.22
CPU DLL:         SARMCM3.DLL V5.40.0.3
Dialog DLL:      DCM.DLL V1.17.5.0
Target DLL:      STLink\ST-LINKIII-KEIL_SWO.dll V3.3.0.0
Dialog DLL:      TCM.DLL V1.56.4.0
 
<h2>Project:</h2>
D:\cedrm\Documents\files\GitHub\PROJET_ELE3312\projet_reference (2)\MDK-ARM\ELE3312_Project.uvprojx
Project File Date:  11/24/2024

<h2>Output:</h2>
*** Using Compiler 'V6.22', folder: 'D:\Users\cedrm\AppData\Local\Keil_v5\ARM\ARMCLANG\Bin'
Build target 'ELE3312_Project'
../Core/Src/main.c(551): warning: passing 'char[8]' to parameter of type 'const uint8_t *' (aka 'const unsigned char *') converts between pointers to integer types where one is of the unique plain 'char' type and the other is not [-Wpointer-sign]
  551 |                         HAL_UART_Transmit_DMA(&huart5, TxData.TxDataArray, UART_BUFFER_SIZE);
      |                                                        ^~~~~~~~~~~~~~~~~~
../Drivers/STM32F4xx_HAL_Driver/Inc\stm32f4xx_hal_uart.h(749): note: passing argument to parameter 'pData' here
  749 | HAL_StatusTypeDef HAL_UART_Transmit_DMA(UART_HandleTypeDef *huart, const uint8_t *pData, uint16_t Size);
      |                                                                                   ^
1 warning generated.
compiling main.c...
linking...
Program Size: Code=41780 RO-data=4464 RW-data=5024 ZI-data=12856  
FromELF: creating hex file...
"ELE3312_Project\ELE3312_Project.axf" - 0 Error(s), 1 Warning(s).

<h2>Software Packages used:</h2>

Package Vendor: ARM
                https://www.keil.com/pack/ARM.CMSIS.6.1.0.pack
                ARM::CMSIS@6.1.0
                CMSIS (Common Microcontroller Software Interface Standard)
   * Component: CORE Version: 6.1.0

Package Vendor: Keil
                https://www.keil.com/pack/Keil.STM32F4xx_DFP.2.17.1.pack
                Keil::STM32F4xx_DFP@2.17.1
                STMicroelectronics STM32F4 Series Device Support, Drivers and Examples

<h2>Collection of Component include folders:</h2>
  ./RTE/_ELE3312_Project
  D:/Users/cedrm/AppData/Local/Arm/Packs/ARM/CMSIS/6.1.0/CMSIS/Core/Include
  D:/Users/cedrm/AppData/Local/Arm/Packs/Keil/STM32F4xx_DFP/2.17.1/Drivers/CMSIS/Device/ST/STM32F4xx/Include

<h2>Collection of Component Files used:</h2>

   * Component: ARM::CMSIS:CORE@6.1.0
      Include file:  CMSIS/Core/Include/tz_context.h
Build Time Elapsed:  00:00:01
</pre>
</body>
</html>
